#
# There is insufficient memory for the Java Runtime Environment to continue.
# Native memory allocation (malloc) failed to allocate 1839056 bytes. Error detail: Chunk::new
# Possible reasons:
#   The system is out of physical RAM or swap space
#   This process is running with CompressedOops enabled, and the Java Heap may be blocking the growth of the native heap
# Possible solutions:
#   Reduce memory load on the system
#   Increase physical memory or swap space
#   Check if swap backing store is full
#   Decrease Java heap size (-Xmx/-Xms)
#   Decrease number of Java threads
#   Decrease Java thread stack sizes (-Xss)
#   Set larger code cache with -XX:ReservedCodeCacheSize=
#   JVM is running with Unscaled Compressed Oops mode in which the Java heap is
#     placed in the first 4GB address space. The Java Heap base address is the
#     maximum limit for the native heap growth. Please use -XX:HeapBaseMinAddress
#     to set the Java Heap base and to place the Java Heap above 4GB virtual address.
# This output file may be truncated or incomplete.
#
#  Out of Memory Error (arena.cpp:168), pid=22836, tid=6652
#
# JRE version: OpenJDK Runtime Environment Temurin-21.0.11+10 (21.0.11+10) (build 21.0.11+10-LTS)
# Java VM: OpenJDK 64-Bit Server VM Temurin-21.0.11+10 (21.0.11+10-LTS, mixed mode, sharing, tiered, compressed oops, compressed class ptrs, parallel gc, windows-amd64)
# No core dump will be written. Minidumps are not enabled by default on client versions of Windows
#

---------------  S U M M A R Y ------------

Command Line: --add-modules=ALL-SYSTEM --add-opens=java.base/java.util=ALL-UNNAMED --add-opens=java.base/java.lang=ALL-UNNAMED --add-opens=java.base/sun.nio.fs=ALL-UNNAMED -Declipse.application=org.eclipse.jdt.ls.core.id1 -Dosgi.bundles.defaultStartLevel=4 -Declipse.product=org.eclipse.jdt.ls.core.product -Djava.import.generatesMetadataFilesAtProjectRoot=false -DDetectVMInstallationsJob.disabled=true -Dfile.encoding=utf8 -XX:+UseParallelGC -XX:GCTimeRatio=4 -XX:AdaptiveSizePolicyWeight=90 -Dsun.zip.disableMemoryMapping=true -Xmx2G -Xms100m -Xlog:disable -javaagent:c:\Users\dell\.vscode\extensions\redhat.java-1.55.0-win32-x64\lombok\lombok-1.18.39-4050.jar -XX:+HeapDumpOnOutOfMemoryError -XX:HeapDumpPath=c:\Users\dell\AppData\Roaming\Code\User\workspaceStorage\825c9b729f276fa6f788dd2d7ea7dcd6\redhat.java -Daether.dependencyCollector.impl=bf c:\Users\dell\.vscode\extensions\redhat.java-1.55.0-win32-x64\server\plugins\org.eclipse.equinox.launcher_1.7.200.v20260619-2039.jar -configuration c:\Users\dell\AppData\Roaming\Code\User\globalStorage\redhat.java\1.55.0\config_win -data c:\Users\dell\AppData\Roaming\Code\User\workspaceStorage\825c9b729f276fa6f788dd2d7ea7dcd6\redhat.java\jdt_ws --pipe=\\.\pipe\lsp-d6bd91e2c30538565c3e7c2129843e56-sock

Host: 13th Gen Intel(R) Core(TM) i5-1335U, 12 cores, 15G,  Windows 11 , 64 bit Build 26100 (10.0.26100.9168)
Time: Fri Aug 21 00:16:38 2026 India Standard Time elapsed time: 48.327596 seconds (0d 0h 0m 48s)

---------------  T H R E A D  ---------------

Current thread (0x00000280fe261160):  JavaThread "C2 CompilerThread2" daemon [_thread_in_native, id=6652, stack(0x000000e1e5400000,0x000000e1e5500000) (1024K)]


Current CompileTask:
C2:48327 7674 %     4       org.lombokweb.asm.ClassReader::readCode @ 2037 (5117 bytes)

Stack: [0x000000e1e5400000,0x000000e1e5500000]
Native frames: (J=compiled Java code, j=interpreted, Vv=VM code, C=native code)
V  [jvm.dll+0x6d7e19]
V  [jvm.dll+0x8b5096]
V  [jvm.dll+0x8b764e]
V  [jvm.dll+0x8b7d33]
V  [jvm.dll+0x284596]
V  [jvm.dll+0xc685d]
V  [jvm.dll+0xc6da1]
V  [jvm.dll+0x3bed31]
V  [jvm.dll+0x1e4149]
V  [jvm.dll+0x24c853]
V  [jvm.dll+0x24bce0]
V  [jvm.dll+0x1cb4ae]
V  [jvm.dll+0x25baad]
V  [jvm.dll+0x25a03a]
V  [jvm.dll+0x3f868e]
V  [jvm.dll+0x85fb0d]
V  [jvm.dll+0x6d664d]
C  [ucrtbase.dll+0x2cd30]
C  [KERNEL32.DLL+0x2ccb7]
C  [ntdll.dll+0xaad6c]


---------------  P R O C E S S  ---------------

Threads class SMR info:
_java_thread_list=0x00000280ff7bedf0, length=54, elements={
0x00000280f0b2baa0, 0x00000280f2fb5390, 0x00000280f2ebc360, 0x00000280f2fb87b0,
0x00000280f2fb9410, 0x00000280f2fbda60, 0x00000280f2fc7eb0, 0x00000280fbc42fa0,
0x00000280fbc481e0, 0x00000280f2fc50c0, 0x00000280f2fc5de0, 0x00000280f2fc7190,
0x00000280f2fc7820, 0x00000280f2fc4a30, 0x00000280f2fc6470, 0x00000280f2fc6b00,
0x00000280fbfe1ab0, 0x00000280fbfe27d0, 0x00000280fbfe0d90, 0x00000280fbfe0700,
0x00000280fbfe2e60, 0x00000280fbfe0070, 0x00000280fbfe48a0, 0x00000280fbfe4f30,
0x00000280fbfe62e0, 0x00000280fbfe55c0, 0x00000280fbfe6970, 0x00000280fbfe34f0,
0x00000280fbfe7000, 0x00000280fbfe5c50, 0x00000280fbfe3b80, 0x00000280fbfe7690,
0x00000280fbfe4210, 0x00000280ff28e570, 0x00000280ff28f290, 0x00000280ff28d850,
0x00000280ff290640, 0x00000280ff28ec00, 0x00000280ff290cd0, 0x00000280ff291360,
0x00000280ff28dee0, 0x00000280ff28ffb0, 0x00000280ff292da0, 0x00000280ff28f920,
0x00000280ff293ac0, 0x00000280ff2947e0, 0x00000280ff294150, 0x00000280ff294e70,
0x00000280d4bfefb0, 0x00000280d4bfd570, 0x00000280d4bffcd0, 0x00000280fe260a90,
0x00000280fe261160, 0x00000280d4bfe920
}

Java Threads: ( => current thread )
  0x00000280f0b2baa0 JavaThread "main"                              [_thread_blocked, id=20704, stack(0x000000e1e1100000,0x000000e1e1200000) (1024K)]
  0x00000280f2fb5390 JavaThread "Reference Handler"          daemon [_thread_blocked, id=6428, stack(0x000000e1e1500000,0x000000e1e1600000) (1024K)]
  0x00000280f2ebc360 JavaThread "Finalizer"                  daemon [_thread_blocked, id=6868, stack(0x000000e1e1600000,0x000000e1e1700000) (1024K)]
  0x00000280f2fb87b0 JavaThread "Signal Dispatcher"          daemon [_thread_blocked, id=18900, stack(0x000000e1e1700000,0x000000e1e1800000) (1024K)]
  0x00000280f2fb9410 JavaThread "Attach Listener"            daemon [_thread_blocked, id=7428, stack(0x000000e1e1800000,0x000000e1e1900000) (1024K)]
  0x00000280f2fbda60 JavaThread "Service Thread"             daemon [_thread_blocked, id=18448, stack(0x000000e1e1900000,0x000000e1e1a00000) (1024K)]
  0x00000280f2fc7eb0 JavaThread "Monitor Deflation Thread"   daemon [_thread_blocked, id=17200, stack(0x000000e1e1a00000,0x000000e1e1b00000) (1024K)]
  0x00000280fbc42fa0 JavaThread "C2 CompilerThread0"         daemon [_thread_in_native, id=18308, stack(0x000000e1e1b00000,0x000000e1e1c00000) (1024K)]
  0x00000280fbc481e0 JavaThread "C1 CompilerThread0"         daemon [_thread_blocked, id=1712, stack(0x000000e1e1c00000,0x000000e1e1d00000) (1024K)]
  0x00000280f2fc50c0 JavaThread "Common-Cleaner"             daemon [_thread_blocked, id=17188, stack(0x000000e1e1e00000,0x000000e1e1f00000) (1024K)]
  0x00000280f2fc5de0 JavaThread "Notification Thread"        daemon [_thread_blocked, id=4348, stack(0x000000e1e1f00000,0x000000e1e2000000) (1024K)]
  0x00000280f2fc7190 JavaThread "Active Thread: Equinox Container: 64d2dd8c-208c-4311-aa34-ce01e677c427"        [_thread_blocked, id=12104, stack(0x000000e1e2700000,0x000000e1e2800000) (1024K)]
  0x00000280f2fc7820 JavaThread "Refresh Thread: Equinox Container: 64d2dd8c-208c-4311-aa34-ce01e677c427" daemon [_thread_blocked, id=8736, stack(0x000000e1e2000000,0x000000e1e2100000) (1024K)]
  0x00000280f2fc4a30 JavaThread "Framework Event Dispatcher: Equinox Container: 64d2dd8c-208c-4311-aa34-ce01e677c427" daemon [_thread_blocked, id=12180, stack(0x000000e1e2800000,0x000000e1e2900000) (1024K)]
  0x00000280f2fc6470 JavaThread "Start Level: Equinox Container: 64d2dd8c-208c-4311-aa34-ce01e677c427" daemon [_thread_blocked, id=16968, stack(0x000000e1e2900000,0x000000e1e2a00000) (1024K)]
  0x00000280f2fc6b00 JavaThread "Bundle File Closer"         daemon [_thread_blocked, id=7432, stack(0x000000e1e2c00000,0x000000e1e2d00000) (1024K)]
  0x00000280fbfe1ab0 JavaThread "SCR Component Actor"        daemon [_thread_blocked, id=26168, stack(0x000000e1e2d00000,0x000000e1e2e00000) (1024K)]
  0x00000280fbfe27d0 JavaThread "Worker-JM"                         [_thread_blocked, id=21676, stack(0x000000e1e3000000,0x000000e1e3100000) (1024K)]
  0x00000280fbfe0d90 JavaThread "JNA Cleaner"                daemon [_thread_blocked, id=16832, stack(0x000000e1e2e00000,0x000000e1e2f00000) (1024K)]
  0x00000280fbfe0700 JavaThread "Worker-0"                          [_thread_blocked, id=5732, stack(0x000000e1e2f00000,0x000000e1e3000000) (1024K)]
  0x00000280fbfe2e60 JavaThread "Worker-1: Initialize workspace"        [_thread_blocked, id=15912, stack(0x000000e1e3100000,0x000000e1e3200000) (1024K)]
  0x00000280fbfe0070 JavaThread "Java indexing"              daemon [_thread_in_vm, id=25840, stack(0x000000e1e3300000,0x000000e1e3400000) (1024K)]
  0x00000280fbfe48a0 JavaThread "Worker-2"                          [_thread_blocked, id=17980, stack(0x000000e1e3600000,0x000000e1e3700000) (1024K)]
  0x00000280fbfe4f30 JavaThread "Worker-3"                          [_thread_blocked, id=5384, stack(0x000000e1e3700000,0x000000e1e3800000) (1024K)]
  0x00000280fbfe62e0 JavaThread "Thread-1"                   daemon [_thread_in_native, id=20036, stack(0x000000e1e3800000,0x000000e1e3900000) (1024K)]
  0x00000280fbfe55c0 JavaThread "Thread-2"                   daemon [_thread_in_native, id=26544, stack(0x000000e1e3900000,0x000000e1e3a00000) (1024K)]
  0x00000280fbfe6970 JavaThread "Thread-3"                   daemon [_thread_in_native, id=9288, stack(0x000000e1e3a00000,0x000000e1e3b00000) (1024K)]
  0x00000280fbfe34f0 JavaThread "Thread-4"                   daemon [_thread_in_native, id=25416, stack(0x000000e1e3b00000,0x000000e1e3c00000) (1024K)]
  0x00000280fbfe7000 JavaThread "Thread-5"                   daemon [_thread_in_native, id=10952, stack(0x000000e1e3c00000,0x000000e1e3d00000) (1024K)]
  0x00000280fbfe5c50 JavaThread "Thread-6"                   daemon [_thread_in_native, id=16620, stack(0x000000e1e3d00000,0x000000e1e3e00000) (1024K)]
  0x00000280fbfe3b80 JavaThread "Thread-7"                   daemon [_thread_in_native, id=9768, stack(0x000000e1e3e00000,0x000000e1e3f00000) (1024K)]
  0x00000280fbfe7690 JavaThread "Thread-8"                   daemon [_thread_in_native, id=19752, stack(0x000000e1e3f00000,0x000000e1e4000000) (1024K)]
  0x00000280fbfe4210 JavaThread "Thread-9"                   daemon [_thread_in_native, id=7892, stack(0x000000e1e4000000,0x000000e1e4100000) (1024K)]
  0x00000280ff28e570 JavaThread "Thread-10"                  daemon [_thread_in_native, id=14032, stack(0x000000e1e4100000,0x000000e1e4200000) (1024K)]
  0x00000280ff28f290 JavaThread "Thread-11"                  daemon [_thread_in_native, id=4708, stack(0x000000e1e4200000,0x000000e1e4300000) (1024K)]
  0x00000280ff28d850 JavaThread "Thread-12"                  daemon [_thread_in_native, id=3300, stack(0x000000e1e4300000,0x000000e1e4400000) (1024K)]
  0x00000280ff290640 JavaThread "Thread-13"                  daemon [_thread_in_native, id=22636, stack(0x000000e1e4400000,0x000000e1e4500000) (1024K)]
  0x00000280ff28ec00 JavaThread "pool-2-thread-1"                   [_thread_blocked, id=11484, stack(0x000000e1e4500000,0x000000e1e4600000) (1024K)]
  0x00000280ff290cd0 JavaThread "Worker-4: Java indexing... "        [_thread_blocked, id=9080, stack(0x000000e1e4700000,0x000000e1e4800000) (1024K)]
  0x00000280ff291360 JavaThread "WorkspaceEventsHandler"            [_thread_blocked, id=20604, stack(0x000000e1e4800000,0x000000e1e4900000) (1024K)]
  0x00000280ff28dee0 JavaThread "pool-1-thread-1"                   [_thread_in_Java, id=13544, stack(0x000000e1e4900000,0x000000e1e4a00000) (1024K)]
  0x00000280ff28ffb0 JavaThread "Worker-5: Building"                [_thread_in_native, id=22020, stack(0x000000e1e4a00000,0x000000e1e4b00000) (1024K)]
  0x00000280ff292da0 JavaThread "PatternSearchJob-worker-1"  daemon [_thread_blocked, id=23612, stack(0x000000e1e4c00000,0x000000e1e4d00000) (1024K)]
  0x00000280ff28f920 JavaThread "PatternSearchJob-worker-2"  daemon [_thread_blocked, id=18404, stack(0x000000e1e4d00000,0x000000e1e4e00000) (1024K)]
  0x00000280ff293ac0 JavaThread "PatternSearchJob-worker-3"  daemon [_thread_blocked, id=18120, stack(0x000000e1e4e00000,0x000000e1e4f00000) (1024K)]
  0x00000280ff2947e0 JavaThread "Keep-Alive-Timer"           daemon [_thread_blocked, id=19260, stack(0x000000e1e3200000,0x000000e1e3300000) (1024K)]
  0x00000280ff294150 JavaThread "ForkJoinPool.commonPool-worker-1" daemon [_thread_blocked, id=16772, stack(0x000000e1e4600000,0x000000e1e4700000) (1024K)]
  0x00000280ff294e70 JavaThread "ForkJoinPool.commonPool-worker-2" daemon [_thread_blocked, id=2220, stack(0x000000e1e4f00000,0x000000e1e5000000) (1024K)]
  0x00000280d4bfefb0 JavaThread "ForkJoinPool.commonPool-worker-3" daemon [_thread_blocked, id=17620, stack(0x000000e1e5000000,0x000000e1e5100000) (1024K)]
  0x00000280d4bfd570 JavaThread "ForkJoinPool.commonPool-worker-4" daemon [_thread_blocked, id=17484, stack(0x000000e1e5100000,0x000000e1e5200000) (1024K)]
  0x00000280d4bffcd0 JavaThread "ForkJoinPool.commonPool-worker-5" daemon [_thread_blocked, id=22104, stack(0x000000e1e5200000,0x000000e1e5300000) (1024K)]
  0x00000280fe260a90 JavaThread "C2 CompilerThread1"         daemon [_thread_in_native, id=13640, stack(0x000000e1e5300000,0x000000e1e5400000) (1024K)]
=>0x00000280fe261160 JavaThread "C2 CompilerThread2"         daemon [_thread_in_native, id=6652, stack(0x000000e1e5400000,0x000000e1e5500000) (1024K)]
  0x00000280d4bfe920 JavaThread "Compiler Source File Reader" daemon [_thread_blocked, id=19296, stack(0x000000e1e5500000,0x000000e1e5600000) (1024K)]
Total: 54

Other Threads:
  0x00000280f2ea44c0 VMThread "VM Thread"                           [id=21404, stack(0x000000e1e1400000,0x000000e1e1500000) (1024K)]
  0x00000280f2d9ca00 WatcherThread "VM Periodic Task Thread"        [id=18780, stack(0x000000e1e1300000,0x000000e1e1400000) (1024K)]
  0x00000280f2f31bf0 WorkerThread "GC Thread#0"                     [id=19880, stack(0x000000e1e1200000,0x000000e1e1300000) (1024K)]
  0x00000280fcff5c10 WorkerThread "GC Thread#1"                     [id=7268, stack(0x000000e1e2100000,0x000000e1e2200000) (1024K)]
  0x00000280fcf3d8d0 WorkerThread "GC Thread#2"                     [id=18296, stack(0x000000e1e2200000,0x000000e1e2300000) (1024K)]
  0x00000280fcf3dc80 WorkerThread "GC Thread#3"                     [id=26072, stack(0x000000e1e2300000,0x000000e1e2400000) (1024K)]
  0x00000280fd3119f0 WorkerThread "GC Thread#4"                     [id=3200, stack(0x000000e1e2400000,0x000000e1e2500000) (1024K)]
  0x00000280fd311da0 WorkerThread "GC Thread#5"                     [id=6512, stack(0x000000e1e2500000,0x000000e1e2600000) (1024K)]
  0x00000280fd312150 WorkerThread "GC Thread#6"                     [id=22536, stack(0x000000e1e2600000,0x000000e1e2700000) (1024K)]
  0x00000280fbdbbd00 WorkerThread "GC Thread#7"                     [id=14948, stack(0x000000e1e1d00000,0x000000e1e1e00000) (1024K)]
  0x00000280fd2bfcf0 WorkerThread "GC Thread#8"                     [id=14876, stack(0x000000e1e2a00000,0x000000e1e2b00000) (1024K)]
  0x00000280fd7768b0 WorkerThread "GC Thread#9"                     [id=9720, stack(0x000000e1e2b00000,0x000000e1e2c00000) (1024K)]
Total: 12

Threads with active compile tasks:
C2 CompilerThread2  48349 7674 %     4       org.lombokweb.asm.ClassReader::readCode @ 2037 (5117 bytes)
Total: 1

VM state: not at safepoint (normal execution)

VM Mutex/Monitor currently owned by a thread: None

Heap address: 0x0000000080000000, size: 2048 MB, Compressed Oops mode: 32-bit

CDS archive(s) mapped at: [0x000002808f000000-0x000002808fba0000-0x000002808fba0000), size 12189696, SharedBaseAddress: 0x000002808f000000, ArchiveRelocationMode: 1.
Compressed class space mapped at: 0x0000028090000000-0x00000280d0000000, reserved size: 1073741824
Narrow klass base: 0x000002808f000000, Narrow klass shift: 0, Narrow klass range: 0x100000000

GC Precious Log:
 CardTable entry size: 512
 CPUs: 12 total, 12 available
 Memory: 16068M
 Large Page Support: Disabled
 NUMA Support: Disabled
 Compressed Oops: Enabled (32-bit)
 Alignments: Space 512K, Generation 512K, Heap 2M
 Heap Min Capacity: 100M
 Heap Initial Capacity: 100M
 Heap Max Capacity: 2G
 Pre-touch: Disabled
 Parallel Workers: 10

Heap:
 PSYoungGen      total 19968K, used 10180K [0x00000000d5580000, 0x00000000d6a80000, 0x0000000100000000)
  eden space 18432K, 55% used [0x00000000d5580000,0x00000000d5f71090,0x00000000d6780000)
  from space 1536K, 0% used [0x00000000d6800000,0x00000000d6800000,0x00000000d6980000)
  to   space 512K, 0% used [0x00000000d6a00000,0x00000000d6a00000,0x00000000d6a80000)
 ParOldGen       total 68608K, used 40820K [0x0000000080000000, 0x0000000084300000, 0x00000000d5580000)
  object space 68608K, 59% used [0x0000000080000000,0x00000000827dd378,0x0000000084300000)
 Metaspace       used 60247K, committed 61632K, reserved 1114112K
  class space    used 6606K, committed 7232K, reserved 1048576K

Card table byte_map: [0x00000280f28b0000,0x00000280f2cc0000] _byte_map_base: 0x00000280f24b0000

Marking Bits: (ParMarkBitMap*) 0x00007ffb38334460
 Begin Bits: [0x00000280f63c0000, 0x00000280f83c0000)
 End Bits:   [0x00000280f83c0000, 0x00000280fa3c0000)

Polling page: 0x00000280f0cf0000

Metaspace:

Usage:
  Non-class:     52.38 MB used.
      Class:      6.45 MB used.
       Both:     58.84 MB used.

Virtual space:
  Non-class space:       64.00 MB reserved,      53.12 MB ( 83%) committed,  1 nodes.
      Class space:        1.00 GB reserved,       7.06 MB ( <1%) committed,  1 nodes.
             Both:        1.06 GB reserved,      60.19 MB (  6%) committed. 

Chunk freelists:
   Non-Class:  10.09 MB
       Class:  8.80 MB
        Both:  18.89 MB

MaxMetaspaceSize: unlimited
CompressedClassSpaceSize: 1.00 GB
Initial GC threshold: 21.00 MB
Current GC threshold: 97.31 MB
CDS: on
 - commit_granule_bytes: 65536.
 - commit_granule_words: 8192.
 - virtual_space_node_default_size: 8388608.
 - enlarge_chunks_in_place: 1.
 - use_allocation_guard: 0.


Internal statistics:

num_allocs_failed_limit: 9.
num_arena_births: 914.
num_arena_deaths: 26.
num_vsnodes_births: 2.
num_vsnodes_deaths: 0.
num_space_committed: 963.
num_space_uncommitted: 0.
num_chunks_returned_to_freelist: 39.
num_chunks_taken_from_freelist: 3413.
num_chunk_merges: 15.
num_chunk_splits: 2165.
num_chunks_enlarged: 1310.
num_inconsistent_stats: 0.

CodeHeap 'non-profiled nmethods': size=120000Kb used=4499Kb max_used=4518Kb free=115500Kb
 bounds [0x0000028087ad0000, 0x0000028087f50000, 0x000002808f000000]
CodeHeap 'profiled nmethods': size=120000Kb used=14196Kb max_used=14748Kb free=105803Kb
 bounds [0x0000028080000000, 0x0000028080e80000, 0x0000028087530000]
CodeHeap 'non-nmethods': size=5760Kb used=1443Kb max_used=1482Kb free=4316Kb
 bounds [0x0000028087530000, 0x00000280877a0000, 0x0000028087ad0000]
CodeCache: size=245760Kb, used=20138Kb, max_used=20748Kb, free=225619Kb
 total_blobs=7730, nmethods=6976, adapters=660, full_count=0
Compilation: enabled, stopped_count=0, restarted_count=0

Compilation events (20 events):
Event: 47.298 Thread 0x00000280fe260a90 7673       4       org.lombokweb.asm.MethodVisitor::visitVarInsn (17 bytes)
Event: 47.303 Thread 0x00000280fe260a90 nmethod 7673 0x0000028087b10290 code [0x0000028087b10480, 0x0000028087b10a20]
Event: 47.303 Thread 0x00000280fe260a90 7689       4       java.util.regex.Pattern$GroupHead::match (47 bytes)
Event: 47.305 Thread 0x00000280fe260a90 nmethod 7689 0x0000028087c6c390 code [0x0000028087c6c520, 0x0000028087c6c6a0]
Event: 47.305 Thread 0x00000280fe260a90 7720       4       java.lang.String::getChars (55 bytes)
Event: 47.307 Thread 0x00000280fe260a90 nmethod 7720 0x0000028087c6f310 code [0x0000028087c6f4c0, 0x0000028087c6f838]
Event: 47.307 Thread 0x00000280fe260a90 7721       4       java.lang.StringLatin1::getChars (12 bytes)
Event: 47.308 Thread 0x00000280fe260a90 nmethod 7721 0x0000028087be0110 code [0x0000028087be02a0, 0x0000028087be0440]
Event: 47.308 Thread 0x00000280fe260a90 7649       4       org.lombokweb.asm.MethodWriter::computeMethodInfoSize (571 bytes)
Event: 47.314 Thread 0x00000280fe260a90 nmethod 7649 0x0000028087c92d90 code [0x0000028087c92fe0, 0x0000028087c935f0]
Event: 47.314 Thread 0x00000280fe260a90 7650       4       org.lombokweb.asm.MethodWriter::hasFrames (13 bytes)
Event: 47.315 Thread 0x00000280fe260a90 nmethod 7650 0x0000028087bdfe10 code [0x0000028087bdffa0, 0x0000028087be0038]
Event: 47.315 Thread 0x00000280fe260a90 7736       4       jdk.internal.jrtfs.JrtFileSystem::ensureOpen (16 bytes)
Event: 47.316 Thread 0x00000280fe260a90 nmethod 7736 0x0000028087c70590 code [0x0000028087c70720, 0x0000028087c707c8]
Event: 47.316 Thread 0x00000280fe260a90 7675       4       org.lombokweb.asm.ByteVector::put12 (64 bytes)
Event: 47.318 Thread 0x00000280fe260a90 nmethod 7675 0x0000028087c6fe10 code [0x0000028087c6ffc0, 0x0000028087c701b0]
Event: 47.318 Thread 0x00000280fe260a90 7704       4       java.util.regex.Pattern$GroupTail::match (111 bytes)
Event: 47.320 Thread 0x00000280fe260a90 nmethod 7704 0x0000028087c63890 code [0x0000028087c63a40, 0x0000028087c63c58]
Event: 47.320 Thread 0x00000280fe260a90 7693       4       org.lombokweb.asm.MethodWriter::setMethodAttributesSource (17 bytes)
Event: 47.320 Thread 0x00000280fe260a90 nmethod 7693 0x0000028087c63590 code [0x0000028087c63720, 0x0000028087c637b8]

GC Heap History (20 events):
Event: 46.355 GC heap before
{Heap before GC invocations=27 (full 2):
 PSYoungGen      total 20480K, used 20448K [0x00000000d5580000, 0x00000000d7180000, 0x0000000100000000)
  eden space 18432K, 100% used [0x00000000d5580000,0x00000000d6780000,0x00000000d6780000)
  from space 2048K, 98% used [0x00000000d6b80000,0x00000000d6d78010,0x00000000d6d80000)
  to   space 4096K, 0% used [0x00000000d6780000,0x00000000d6780000,0x00000000d6b80000)
 ParOldGen       total 68608K, used 29913K [0x0000000080000000, 0x0000000084300000, 0x00000000d5580000)
  object space 68608K, 43% used [0x0000000080000000,0x0000000081d365c0,0x0000000084300000)
 Metaspace       used 55363K, committed 56640K, reserved 1114112K
  class space    used 6178K, committed 6720K, reserved 1048576K
}
Event: 46.357 GC heap after
{Heap after GC invocations=27 (full 2):
 PSYoungGen      total 20992K, used 2257K [0x00000000d5580000, 0x00000000d6d80000, 0x0000000100000000)
  eden space 18432K, 0% used [0x00000000d5580000,0x00000000d5580000,0x00000000d6780000)
  from space 2560K, 88% used [0x00000000d6780000,0x00000000d69b4440,0x00000000d6a00000)
  to   space 3072K, 0% used [0x00000000d6a80000,0x00000000d6a80000,0x00000000d6d80000)
 ParOldGen       total 68608K, used 31793K [0x0000000080000000, 0x0000000084300000, 0x00000000d5580000)
  object space 68608K, 46% used [0x0000000080000000,0x0000000081f0c5c0,0x0000000084300000)
 Metaspace       used 55363K, committed 56640K, reserved 1114112K
  class space    used 6178K, committed 6720K, reserved 1048576K
}
Event: 46.403 GC heap before
{Heap before GC invocations=28 (full 2):
 PSYoungGen      total 20992K, used 20689K [0x00000000d5580000, 0x00000000d6d80000, 0x0000000100000000)
  eden space 18432K, 100% used [0x00000000d5580000,0x00000000d6780000,0x00000000d6780000)
  from space 2560K, 88% used [0x00000000d6780000,0x00000000d69b4440,0x00000000d6a00000)
  to   space 3072K, 0% used [0x00000000d6a80000,0x00000000d6a80000,0x00000000d6d80000)
 ParOldGen       total 68608K, used 31793K [0x0000000080000000, 0x0000000084300000, 0x00000000d5580000)
  object space 68608K, 46% used [0x0000000080000000,0x0000000081f0c5c0,0x0000000084300000)
 Metaspace       used 55409K, committed 56640K, reserved 1114112K
  class space    used 6184K, committed 6720K, reserved 1048576K
}
Event: 46.405 GC heap after
{Heap after GC invocations=28 (full 2):
 PSYoungGen      total 20992K, used 2210K [0x00000000d5580000, 0x00000000d6d00000, 0x0000000100000000)
  eden space 18432K, 0% used [0x00000000d5580000,0x00000000d5580000,0x00000000d6780000)
  from space 2560K, 86% used [0x00000000d6a80000,0x00000000d6ca8800,0x00000000d6d00000)
  to   space 2560K, 0% used [0x00000000d6780000,0x00000000d6780000,0x00000000d6a00000)
 ParOldGen       total 68608K, used 33823K [0x0000000080000000, 0x0000000084300000, 0x00000000d5580000)
  object space 68608K, 49% used [0x0000000080000000,0x0000000082107fa0,0x0000000084300000)
 Metaspace       used 55409K, committed 56640K, reserved 1114112K
  class space    used 6184K, committed 6720K, reserved 1048576K
}
Event: 46.446 GC heap before
{Heap before GC invocations=29 (full 2):
 PSYoungGen      total 20992K, used 20642K [0x00000000d5580000, 0x00000000d6d00000, 0x0000000100000000)
  eden space 18432K, 100% used [0x00000000d5580000,0x00000000d6780000,0x00000000d6780000)
  from space 2560K, 86% used [0x00000000d6a80000,0x00000000d6ca8800,0x00000000d6d00000)
  to   space 2560K, 0% used [0x00000000d6780000,0x00000000d6780000,0x00000000d6a00000)
 ParOldGen       total 68608K, used 33823K [0x0000000080000000, 0x0000000084300000, 0x00000000d5580000)
  object space 68608K, 49% used [0x0000000080000000,0x0000000082107fa0,0x0000000084300000)
 Metaspace       used 55515K, committed 56832K, reserved 1114112K
  class space    used 6190K, committed 6784K, reserved 1048576K
}
Event: 46.449 GC heap after
{Heap after GC invocations=29 (full 2):
 PSYoungGen      total 20992K, used 2116K [0x00000000d5580000, 0x00000000d6c80000, 0x0000000100000000)
  eden space 18432K, 0% used [0x00000000d5580000,0x00000000d5580000,0x00000000d6780000)
  from space 2560K, 82% used [0x00000000d6780000,0x00000000d6991000,0x00000000d6a00000)
  to   space 2560K, 0% used [0x00000000d6a00000,0x00000000d6a00000,0x00000000d6c80000)
 ParOldGen       total 68608K, used 35726K [0x0000000080000000, 0x0000000084300000, 0x00000000d5580000)
  object space 68608K, 52% used [0x0000000080000000,0x00000000822e3950,0x0000000084300000)
 Metaspace       used 55515K, committed 56832K, reserved 1114112K
  class space    used 6190K, committed 6784K, reserved 1048576K
}
Event: 46.504 GC heap before
{Heap before GC invocations=30 (full 2):
 PSYoungGen      total 20992K, used 20548K [0x00000000d5580000, 0x00000000d6c80000, 0x0000000100000000)
  eden space 18432K, 100% used [0x00000000d5580000,0x00000000d6780000,0x00000000d6780000)
  from space 2560K, 82% used [0x00000000d6780000,0x00000000d6991000,0x00000000d6a00000)
  to   space 2560K, 0% used [0x00000000d6a00000,0x00000000d6a00000,0x00000000d6c80000)
 ParOldGen       total 68608K, used 35726K [0x0000000080000000, 0x0000000084300000, 0x00000000d5580000)
  object space 68608K, 52% used [0x0000000080000000,0x00000000822e3950,0x0000000084300000)
 Metaspace       used 55622K, committed 56960K, reserved 1114112K
  class space    used 6194K, committed 6848K, reserved 1048576K
}
Event: 46.506 GC heap after
{Heap after GC invocations=30 (full 2):
 PSYoungGen      total 20992K, used 2080K [0x00000000d5580000, 0x00000000d6c80000, 0x0000000100000000)
  eden space 18432K, 0% used [0x00000000d5580000,0x00000000d5580000,0x00000000d6780000)
  from space 2560K, 81% used [0x00000000d6a00000,0x00000000d6c08010,0x00000000d6c80000)
  to   space 2560K, 0% used [0x00000000d6780000,0x00000000d6780000,0x00000000d6a00000)
 ParOldGen       total 68608K, used 37651K [0x0000000080000000, 0x0000000084300000, 0x00000000d5580000)
  object space 68608K, 54% used [0x0000000080000000,0x00000000824c4f78,0x0000000084300000)
 Metaspace       used 55622K, committed 56960K, reserved 1114112K
  class space    used 6194K, committed 6848K, reserved 1048576K
}
Event: 46.564 GC heap before
{Heap before GC invocations=31 (full 2):
 PSYoungGen      total 20992K, used 20512K [0x00000000d5580000, 0x00000000d6c80000, 0x0000000100000000)
  eden space 18432K, 100% used [0x00000000d5580000,0x00000000d6780000,0x00000000d6780000)
  from space 2560K, 81% used [0x00000000d6a00000,0x00000000d6c08010,0x00000000d6c80000)
  to   space 2560K, 0% used [0x00000000d6780000,0x00000000d6780000,0x00000000d6a00000)
 ParOldGen       total 68608K, used 37651K [0x0000000080000000, 0x0000000084300000, 0x00000000d5580000)
  object space 68608K, 54% used [0x0000000080000000,0x00000000824c4f78,0x0000000084300000)
 Metaspace       used 55848K, committed 57216K, reserved 1114112K
  class space    used 6204K, committed 6848K, reserved 1048576K
}
Event: 46.567 GC heap after
{Heap after GC invocations=31 (full 2):
 PSYoungGen      total 20480K, used 1728K [0x00000000d5580000, 0x00000000d6b80000, 0x0000000100000000)
  eden space 18432K, 0% used [0x00000000d5580000,0x00000000d5580000,0x00000000d6780000)
  from space 2048K, 84% used [0x00000000d6780000,0x00000000d6930000,0x00000000d6980000)
  to   space 2048K, 0% used [0x00000000d6980000,0x00000000d6980000,0x00000000d6b80000)
 ParOldGen       total 68608K, used 39643K [0x0000000080000000, 0x0000000084300000, 0x00000000d5580000)
  object space 68608K, 57% used [0x0000000080000000,0x00000000826b6f88,0x0000000084300000)
 Metaspace       used 55848K, committed 57216K, reserved 1114112K
  class space    used 6204K, committed 6848K, reserved 1048576K
}
Event: 46.683 GC heap before
{Heap before GC invocations=32 (full 2):
 PSYoungGen      total 20480K, used 20160K [0x00000000d5580000, 0x00000000d6b80000, 0x0000000100000000)
  eden space 18432K, 100% used [0x00000000d5580000,0x00000000d6780000,0x00000000d6780000)
  from space 2048K, 84% used [0x00000000d6780000,0x00000000d6930000,0x00000000d6980000)
  to   space 2048K, 0% used [0x00000000d6980000,0x00000000d6980000,0x00000000d6b80000)
 ParOldGen       total 68608K, used 39643K [0x0000000080000000, 0x0000000084300000, 0x00000000d5580000)
  object space 68608K, 57% used [0x0000000080000000,0x00000000826b6f88,0x0000000084300000)
 Metaspace       used 56452K, committed 57856K, reserved 1114112K
  class space    used 6268K, committed 6912K, reserved 1048576K
}
Event: 46.687 GC heap after
{Heap after GC invocations=32 (full 2):
 PSYoungGen      total 20480K, used 1568K [0x00000000d5580000, 0x00000000d6b80000, 0x0000000100000000)
  eden space 18432K, 0% used [0x00000000d5580000,0x00000000d5580000,0x00000000d6780000)
  from space 2048K, 76% used [0x00000000d6980000,0x00000000d6b08010,0x00000000d6b80000)
  to   space 2048K, 0% used [0x00000000d6780000,0x00000000d6780000,0x00000000d6980000)
 ParOldGen       total 68608K, used 41252K [0x0000000080000000, 0x0000000084300000, 0x00000000d5580000)
  object space 68608K, 60% used [0x0000000080000000,0x0000000082849188,0x0000000084300000)
 Metaspace       used 56452K, committed 57856K, reserved 1114112K
  class space    used 6268K, committed 6912K, reserved 1048576K
}
Event: 46.934 GC heap before
{Heap before GC invocations=33 (full 2):
 PSYoungGen      total 20480K, used 19956K [0x00000000d5580000, 0x00000000d6b80000, 0x0000000100000000)
  eden space 18432K, 99% used [0x00000000d5580000,0x00000000d67750e0,0x00000000d6780000)
  from space 2048K, 76% used [0x00000000d6980000,0x00000000d6b08010,0x00000000d6b80000)
  to   space 2048K, 0% used [0x00000000d6780000,0x00000000d6780000,0x00000000d6980000)
 ParOldGen       total 68608K, used 41252K [0x0000000080000000, 0x0000000084300000, 0x00000000d5580000)
  object space 68608K, 60% used [0x0000000080000000,0x0000000082849188,0x0000000084300000)
 Metaspace       used 57817K, committed 59200K, reserved 1114112K
  class space    used 6393K, committed 7040K, reserved 1048576K
}
Event: 46.936 GC heap after
{Heap after GC invocations=33 (full 2):
 PSYoungGen      total 20480K, used 2032K [0x00000000d5580000, 0x00000000d6c80000, 0x0000000100000000)
  eden space 18432K, 0% used [0x00000000d5580000,0x00000000d5580000,0x00000000d6780000)
  from space 2048K, 99% used [0x00000000d6780000,0x00000000d697c3f8,0x00000000d6980000)
  to   space 2560K, 0% used [0x00000000d6a00000,0x00000000d6a00000,0x00000000d6c80000)
 ParOldGen       total 68608K, used 42601K [0x0000000080000000, 0x0000000084300000, 0x00000000d5580000)
  object space 68608K, 62% used [0x0000000080000000,0x000000008299a420,0x0000000084300000)
 Metaspace       used 57817K, committed 59200K, reserved 1114112K
  class space    used 6393K, committed 7040K, reserved 1048576K
}
Event: 47.013 GC heap before
{Heap before GC invocations=34 (full 2):
 PSYoungGen      total 20480K, used 20464K [0x00000000d5580000, 0x00000000d6c80000, 0x0000000100000000)
  eden space 18432K, 100% used [0x00000000d5580000,0x00000000d6780000,0x00000000d6780000)
  from space 2048K, 99% used [0x00000000d6780000,0x00000000d697c3f8,0x00000000d6980000)
  to   space 2560K, 0% used [0x00000000d6a00000,0x00000000d6a00000,0x00000000d6c80000)
 ParOldGen       total 68608K, used 42601K [0x0000000080000000, 0x0000000084300000, 0x00000000d5580000)
  object space 68608K, 62% used [0x0000000080000000,0x000000008299a420,0x0000000084300000)
 Metaspace       used 57841K, committed 59264K, reserved 1114112K
  class space    used 6393K, committed 7040K, reserved 1048576K
}
Event: 47.015 GC heap after
{Heap after GC invocations=34 (full 2):
 PSYoungGen      total 19456K, used 630K [0x00000000d5580000, 0x00000000d6b00000, 0x0000000100000000)
  eden space 18432K, 0% used [0x00000000d5580000,0x00000000d5580000,0x00000000d6780000)
  from space 1024K, 61% used [0x00000000d6a00000,0x00000000d6a9d9c0,0x00000000d6b00000)
  to   space 1536K, 0% used [0x00000000d6800000,0x00000000d6800000,0x00000000d6980000)
 ParOldGen       total 68608K, used 43461K [0x0000000080000000, 0x0000000084300000, 0x00000000d5580000)
  object space 68608K, 63% used [0x0000000080000000,0x0000000082a715a8,0x0000000084300000)
 Metaspace       used 57841K, committed 59264K, reserved 1114112K
  class space    used 6393K, committed 7040K, reserved 1048576K
}
Event: 47.086 GC heap before
{Heap before GC invocations=35 (full 2):
 PSYoungGen      total 19456K, used 17467K [0x00000000d5580000, 0x00000000d6b00000, 0x0000000100000000)
  eden space 18432K, 91% used [0x00000000d5580000,0x00000000d65f12b8,0x00000000d6780000)
  from space 1024K, 61% used [0x00000000d6a00000,0x00000000d6a9d9c0,0x00000000d6b00000)
  to   space 1536K, 0% used [0x00000000d6800000,0x00000000d6800000,0x00000000d6980000)
 ParOldGen       total 68608K, used 43461K [0x0000000080000000, 0x0000000084300000, 0x00000000d5580000)
  object space 68608K, 63% used [0x0000000080000000,0x0000000082a715a8,0x0000000084300000)
 Metaspace       used 58456K, committed 59776K, reserved 1114112K
  class space    used 6437K, committed 7040K, reserved 1048576K
}
Event: 47.087 GC heap after
{Heap after GC invocations=35 (full 2):
 PSYoungGen      total 19968K, used 288K [0x00000000d5580000, 0x00000000d6a80000, 0x0000000100000000)
  eden space 18432K, 0% used [0x00000000d5580000,0x00000000d5580000,0x00000000d6780000)
  from space 1536K, 18% used [0x00000000d6800000,0x00000000d6848000,0x00000000d6980000)
  to   space 512K, 0% used [0x00000000d6a00000,0x00000000d6a00000,0x00000000d6a80000)
 ParOldGen       total 68608K, used 43485K [0x0000000080000000, 0x0000000084300000, 0x00000000d5580000)
  object space 68608K, 63% used [0x0000000080000000,0x0000000082a775a8,0x0000000084300000)
 Metaspace       used 58456K, committed 59776K, reserved 1114112K
  class space    used 6437K, committed 7040K, reserved 1048576K
}
Event: 47.087 GC heap before
{Heap before GC invocations=36 (full 3):
 PSYoungGen      total 19968K, used 288K [0x00000000d5580000, 0x00000000d6a80000, 0x0000000100000000)
  eden space 18432K, 0% used [0x00000000d5580000,0x00000000d5580000,0x00000000d6780000)
  from space 1536K, 18% used [0x00000000d6800000,0x00000000d6848000,0x00000000d6980000)
  to   space 512K, 0% used [0x00000000d6a00000,0x00000000d6a00000,0x00000000d6a80000)
 ParOldGen       total 68608K, used 43485K [0x0000000080000000, 0x0000000084300000, 0x00000000d5580000)
  object space 68608K, 63% used [0x0000000080000000,0x0000000082a775a8,0x0000000084300000)
 Metaspace       used 58456K, committed 59776K, reserved 1114112K
  class space    used 6437K, committed 7040K, reserved 1048576K
}
Event: 47.149 GC heap after
{Heap after GC invocations=36 (full 3):
 PSYoungGen      total 19968K, used 0K [0x00000000d5580000, 0x00000000d6a80000, 0x0000000100000000)
  eden space 18432K, 0% used [0x00000000d5580000,0x00000000d5580000,0x00000000d6780000)
  from space 1536K, 0% used [0x00000000d6800000,0x00000000d6800000,0x00000000d6980000)
  to   space 512K, 0% used [0x00000000d6a00000,0x00000000d6a00000,0x00000000d6a80000)
 ParOldGen       total 68608K, used 40820K [0x0000000080000000, 0x0000000084300000, 0x00000000d5580000)
  object space 68608K, 59% used [0x0000000080000000,0x00000000827dd378,0x0000000084300000)
 Metaspace       used 58444K, committed 59776K, reserved 1114112K
  class space    used 6434K, committed 7040K, reserved 1048576K
}

Dll operation events (12 events):
Event: 0.039 Loaded shared library c:\Users\dell\.vscode\extensions\redhat.java-1.55.0-win32-x64\jre\21.0.11-win32-x86_64\bin\java.dll
Event: 0.139 Loaded shared library c:\Users\dell\.vscode\extensions\redhat.java-1.55.0-win32-x64\jre\21.0.11-win32-x86_64\bin\zip.dll
Event: 0.158 Loaded shared library C:\Users\dell\.vscode\extensions\redhat.java-1.55.0-win32-x64\jre\21.0.11-win32-x86_64\bin\instrument.dll
Event: 0.203 Loaded shared library C:\Users\dell\.vscode\extensions\redhat.java-1.55.0-win32-x64\jre\21.0.11-win32-x86_64\bin\net.dll
Event: 0.241 Loaded shared library C:\Users\dell\.vscode\extensions\redhat.java-1.55.0-win32-x64\jre\21.0.11-win32-x86_64\bin\nio.dll
Event: 0.243 Loaded shared library C:\Users\dell\.vscode\extensions\redhat.java-1.55.0-win32-x64\jre\21.0.11-win32-x86_64\bin\zip.dll
Event: 0.262 Loaded shared library C:\Users\dell\.vscode\extensions\redhat.java-1.55.0-win32-x64\jre\21.0.11-win32-x86_64\bin\jimage.dll
Event: 0.361 Loaded shared library c:\Users\dell\.vscode\extensions\redhat.java-1.55.0-win32-x64\jre\21.0.11-win32-x86_64\bin\verify.dll
Event: 16.567 Loaded shared library C:\Users\dell\AppData\Roaming\Code\User\globalStorage\redhat.java\1.55.0\config_win\org.eclipse.equinox.launcher\org.eclipse.equinox.launcher.win32.win32.x86_64_1.3.100.v20260613-0559\eclipse_11924.dll
Event: 34.808 Loaded shared library C:\Users\dell\AppData\Local\Temp\jna-3079617\jna17363729616812071909.dll
Event: 36.000 Loaded shared library C:\Users\dell\.vscode\extensions\redhat.java-1.55.0-win32-x64\jre\21.0.11-win32-x86_64\bin\sunmscapi.dll
Event: 36.591 Loaded shared library C:\Users\dell\.vscode\extensions\redhat.java-1.55.0-win32-x64\jre\21.0.11-win32-x86_64\bin\extnet.dll

Deoptimization events (20 events):
Event: 47.225 Thread 0x00000280ff28ffb0 Uncommon trap: trap_request=0xffffff45 fr.pc=0x0000028087f1bddc relative=0x000000000000031c
Event: 47.225 Thread 0x00000280ff28ffb0 Uncommon trap: reason=unstable_if action=reinterpret pc=0x0000028087f1bddc method=java.io.ByteArrayInputStream.read([BII)I @ 16 c2
Event: 47.225 Thread 0x00000280ff28ffb0 DEOPT PACKING pc=0x0000028087f1bddc sp=0x000000e1e4afd260
Event: 47.225 Thread 0x00000280ff28ffb0 DEOPT UNPACKING pc=0x0000028087583aa2 sp=0x000000e1e4afd220 mode 2
Event: 47.247 Thread 0x00000280ff28ffb0 Uncommon trap: trap_request=0xffffff6e fr.pc=0x0000028087efbd9c relative=0x00000000000003dc
Event: 47.247 Thread 0x00000280ff28ffb0 Uncommon trap: reason=loop_limit_check action=maybe_recompile pc=0x0000028087efbd9c method=org.eclipse.jdt.internal.compiler.classfmt.ClassFileStruct.utf8At(II)[C @ 143 c2
Event: 47.247 Thread 0x00000280ff28ffb0 DEOPT PACKING pc=0x0000028087efbd9c sp=0x000000e1e4afd690
Event: 47.247 Thread 0x00000280ff28ffb0 DEOPT UNPACKING pc=0x0000028087583aa2 sp=0x000000e1e4afd628 mode 2
Event: 47.247 Thread 0x00000280fbfe0070 Uncommon trap: trap_request=0xffffff45 fr.pc=0x0000028087f0fd74 relative=0x0000000000000234
Event: 47.247 Thread 0x00000280fbfe0070 Uncommon trap: reason=unstable_if action=reinterpret pc=0x0000028087f0fd74 method=java.util.Arrays.hashCode([C)I @ 8 c2
Event: 47.247 Thread 0x00000280fbfe0070 DEOPT PACKING pc=0x0000028087f0fd74 sp=0x000000e1e33feba0
Event: 47.247 Thread 0x00000280fbfe0070 DEOPT UNPACKING pc=0x0000028087583aa2 sp=0x000000e1e33fead8 mode 2
Event: 47.247 Thread 0x00000280fbfe0070 Uncommon trap: trap_request=0xffffff45 fr.pc=0x0000028087dc8f6c relative=0x000000000000022c
Event: 47.247 Thread 0x00000280fbfe0070 Uncommon trap: reason=unstable_if action=reinterpret pc=0x0000028087dc8f6c method=java.util.Arrays.hashCode([C)I @ 8 c2
Event: 47.247 Thread 0x00000280fbfe0070 DEOPT PACKING pc=0x0000028087dc8f6c sp=0x000000e1e33feb40
Event: 47.247 Thread 0x00000280fbfe0070 DEOPT UNPACKING pc=0x0000028087583aa2 sp=0x000000e1e33feae0 mode 2
Event: 47.262 Thread 0x00000280ff28dee0 DEOPT PACKING pc=0x0000028080c7f2ce sp=0x000000e1e49fd120
Event: 47.262 Thread 0x00000280ff28dee0 DEOPT UNPACKING pc=0x0000028087584242 sp=0x000000e1e49fc6a0 mode 0
Event: 47.285 Thread 0x00000280ff28ffb0 DEOPT PACKING pc=0x000002808010edb9 sp=0x000000e1e4afc610
Event: 47.285 Thread 0x00000280ff28ffb0 DEOPT UNPACKING pc=0x0000028087584242 sp=0x000000e1e4afbb10 mode 0

Classes loaded (20 events):
Event: 46.499 Loading class java/lang/invoke/MethodHandleImpl$CountingWrapper$1
Event: 46.499 Loading class java/lang/invoke/MethodHandleImpl$CountingWrapper$1 done
Event: 46.642 Loading class java/util/zip/CheckedInputStream
Event: 46.642 Loading class java/util/zip/CheckedInputStream done
Event: 46.850 Loading class java/util/stream/ReferencePipeline$4
Event: 46.850 Loading class java/util/stream/ReferencePipeline$4 done
Event: 46.850 Loading class java/util/stream/Nodes$IntFixedNodeBuilder
Event: 46.850 Loading class java/util/stream/Node$Builder$OfInt
Event: 46.851 Loading class java/util/stream/Node$Builder$OfInt done
Event: 46.851 Loading class java/util/stream/Nodes$IntArrayNode
Event: 46.851 Loading class java/util/stream/Nodes$IntArrayNode done
Event: 46.851 Loading class java/util/stream/Nodes$IntFixedNodeBuilder done
Event: 46.851 Loading class java/util/stream/ReferencePipeline$4$1
Event: 46.851 Loading class java/util/stream/ReferencePipeline$4$1 done
Event: 47.219 Loading class java/util/stream/ReduceOps$4
Event: 47.219 Loading class java/util/stream/ReduceOps$4 done
Event: 47.219 Loading class java/util/stream/ReduceOps$4ReducingSink
Event: 47.219 Loading class java/util/stream/ReduceOps$4ReducingSink done
Event: 47.221 Loading class java/nio/file/Files$2
Event: 47.221 Loading class java/nio/file/Files$2 done

Classes unloaded (13 events):
Event: 35.201 Thread 0x00000280f2ea44c0 Unloading class 0x00000280901a8c00 'java/lang/invoke/LambdaForm$MH+0x00000280901a8c00'
Event: 35.201 Thread 0x00000280f2ea44c0 Unloading class 0x00000280901a8800 'java/lang/invoke/LambdaForm$MH+0x00000280901a8800'
Event: 35.201 Thread 0x00000280f2ea44c0 Unloading class 0x00000280901a8400 'java/lang/invoke/LambdaForm$MH+0x00000280901a8400'
Event: 35.201 Thread 0x00000280f2ea44c0 Unloading class 0x00000280901a8000 'java/lang/invoke/LambdaForm$MH+0x00000280901a8000'
Event: 35.201 Thread 0x00000280f2ea44c0 Unloading class 0x00000280901a7c00 'java/lang/invoke/LambdaForm$BMH+0x00000280901a7c00'
Event: 35.201 Thread 0x00000280f2ea44c0 Unloading class 0x00000280901a7800 'java/lang/invoke/LambdaForm$DMH+0x00000280901a7800'
Event: 35.201 Thread 0x00000280f2ea44c0 Unloading class 0x00000280901a6400 'java/lang/invoke/LambdaForm$DMH+0x00000280901a6400'
Event: 47.097 Thread 0x00000280f2ea44c0 Unloading class 0x0000028090676800 'java/lang/invoke/LambdaForm$MH+0x0000028090676800'
Event: 47.097 Thread 0x00000280f2ea44c0 Unloading class 0x0000028090676000 'java/lang/invoke/LambdaForm$MH+0x0000028090676000'
Event: 47.097 Thread 0x00000280f2ea44c0 Unloading class 0x0000028090675800 'java/lang/invoke/LambdaForm$MH+0x0000028090675800'
Event: 47.097 Thread 0x00000280f2ea44c0 Unloading class 0x0000028090675000 'java/lang/invoke/LambdaForm$MH+0x0000028090675000'
Event: 47.097 Thread 0x00000280f2ea44c0 Unloading class 0x0000028090674c00 'java/lang/invoke/LambdaForm$MH+0x0000028090674c00'
Event: 47.097 Thread 0x00000280f2ea44c0 Unloading class 0x0000028090674000 'java/lang/invoke/LambdaForm$MH+0x0000028090674000'

Classes redefined (0 events):
No events

Internal exceptions (20 events):
Event: 44.248 Thread 0x00000280fbfe48a0 Exception <a 'sun/nio/fs/WindowsException'{0x00000000d690da78}> (0x00000000d690da78) 
thrown [s\src\hotspot\share\prims\jni.cpp, line 520]
Event: 44.248 Thread 0x00000280fbfe48a0 Exception <a 'sun/nio/fs/WindowsException'{0x00000000d6910900}> (0x00000000d6910900) 
thrown [s\src\hotspot\share\prims\jni.cpp, line 520]
Event: 44.248 Thread 0x00000280fbfe48a0 Exception <a 'sun/nio/fs/WindowsException'{0x00000000d6914bf0}> (0x00000000d6914bf0) 
thrown [s\src\hotspot\share\prims\jni.cpp, line 520]
Event: 44.249 Thread 0x00000280fbfe48a0 Exception <a 'sun/nio/fs/WindowsException'{0x00000000d6919808}> (0x00000000d6919808) 
thrown [s\src\hotspot\share\prims\jni.cpp, line 520]
Event: 44.249 Thread 0x00000280fbfe48a0 Exception <a 'sun/nio/fs/WindowsException'{0x00000000d691cbe0}> (0x00000000d691cbe0) 
thrown [s\src\hotspot\share\prims\jni.cpp, line 520]
Event: 44.249 Thread 0x00000280fbfe48a0 Exception <a 'sun/nio/fs/WindowsException'{0x00000000d6921058}> (0x00000000d6921058) 
thrown [s\src\hotspot\share\prims\jni.cpp, line 520]
Event: 44.249 Thread 0x00000280fbfe48a0 Exception <a 'sun/nio/fs/WindowsException'{0x00000000d6924ee0}> (0x00000000d6924ee0) 
thrown [s\src\hotspot\share\prims\jni.cpp, line 520]
Event: 45.636 Thread 0x00000280ff28dee0 Exception <a 'java/lang/IncompatibleClassChangeError'{0x00000000d5627b40}: Found class java.lang.Object, but interface was expected> (0x00000000d5627b40) 
thrown [s\src\hotspot\share\interpreter\linkResolver.cpp, line 840]
Event: 45.699 Thread 0x00000280ff28dee0 Exception <a 'java/lang/IncompatibleClassChangeError'{0x00000000d56406a0}: Found class java.lang.Object, but interface was expected> (0x00000000d56406a0) 
thrown [s\src\hotspot\share\interpreter\linkResolver.cpp, line 840]
Event: 45.985 Thread 0x00000280ff28dee0 Exception <a 'java/io/FileNotFoundException'{0x00000000d66d2af0}> (0x00000000d66d2af0) 
thrown [s\src\hotspot\share\prims\jni.cpp, line 520]
Event: 45.985 Thread 0x00000280ff28dee0 Exception <a 'java/io/FileNotFoundException'{0x00000000d66d3d98}> (0x00000000d66d3d98) 
thrown [s\src\hotspot\share\prims\jni.cpp, line 520]
Event: 45.985 Thread 0x00000280ff28dee0 Exception <a 'java/io/FileNotFoundException'{0x00000000d66d4da0}> (0x00000000d66d4da0) 
thrown [s\src\hotspot\share\prims\jni.cpp, line 520]
Event: 46.060 Thread 0x00000280ff28dee0 Implicit null exception at 0x0000028087da8083 to 0x0000028087da8304
Event: 46.061 Thread 0x00000280ff28dee0 Exception <a 'java/lang/NoSuchMethodError'{0x00000000d57c6220}: 'java.lang.Object java.lang.invoke.DelegatingMethodHandle$Holder.reinvoke_L(java.lang.Object, int, long, java.lang.Object, java.lang.Object, int, java.lang.Object)'> (0x00000000d57c6220) 
thrown [s\src\hotspot\share\interpreter\linkResolver.cpp, line 773]
Event: 46.149 Thread 0x00000280ff28ffb0 Exception <a 'java/io/FileNotFoundException'{0x00000000d5fc07e8}> (0x00000000d5fc07e8) 
thrown [s\src\hotspot\share\prims\jni.cpp, line 520]
Event: 46.149 Thread 0x00000280ff28ffb0 Exception <a 'java/io/FileNotFoundException'{0x00000000d5fc1aa0}> (0x00000000d5fc1aa0) 
thrown [s\src\hotspot\share\prims\jni.cpp, line 520]
Event: 46.149 Thread 0x00000280ff28ffb0 Exception <a 'java/io/FileNotFoundException'{0x00000000d5fca2b0}> (0x00000000d5fca2b0) 
thrown [s\src\hotspot\share\prims\jni.cpp, line 520]
Event: 46.187 Thread 0x00000280ff28dee0 Exception <a 'java/lang/NoSuchMethodError'{0x00000000d637bbb8}: 'java.lang.Object java.lang.invoke.Invokers$Holder.invoke_MT(java.lang.Object, java.lang.Object, java.lang.Object, java.lang.Object, java.lang.Object, java.lang.Object, java.lang.Object, java.lang.Object, java.lang.Object, java.lang.Object)'> (0x00000000d637bbb8) 
thrown [s\src\hotspot\share\interpreter\linkResolver.cpp, line 773]
Event: 46.187 Thread 0x00000280ff28ffb0 Exception <a 'java/lang/NoSuchMethodError'{0x00000000d63b8ca0}: 'java.lang.Object java.lang.invoke.Invokers$Holder.invoke_MT(java.lang.Object, java.lang.Object, java.lang.Object, java.lang.Object, java.lang.Object, java.lang.Object, java.lang.Object, java.lang.Object, java.lang.Object, java.lang.Object)'> (0x00000000d63b8ca0) 
thrown [s\src\hotspot\share\interpreter\linkResolver.cpp, line 773]
Event: 47.223 Thread 0x00000280ff28ffb0 Exception <a 'java/lang/NoSuchMethodError'{0x00000000d5b274a0}: 'int java.lang.invoke.DirectMethodHandle$Holder.invokeSpecialIFC(java.lang.Object, java.lang.Object, java.lang.Object)'> (0x00000000d5b274a0) 
thrown [s\src\hotspot\share\interpreter\linkResolver.cpp, line 773]

ZGC Phase Switch (0 events):
No events

VM Operations (20 events):
Event: 46.303 Executing non-safepoint VM operation: HandshakeAllThreads (Deoptimize) done
Event: 46.355 Executing safepoint VM operation: ParallelGCFailedAllocation (Allocation Failure)
Event: 46.357 Executing safepoint VM operation: ParallelGCFailedAllocation (Allocation Failure) done
Event: 46.402 Executing safepoint VM operation: ParallelGCFailedAllocation (Allocation Failure)
Event: 46.405 Executing safepoint VM operation: ParallelGCFailedAllocation (Allocation Failure) done
Event: 46.446 Executing safepoint VM operation: ParallelGCFailedAllocation (Allocation Failure)
Event: 46.449 Executing safepoint VM operation: ParallelGCFailedAllocation (Allocation Failure) done
Event: 46.504 Executing safepoint VM operation: ParallelGCFailedAllocation (Allocation Failure)
Event: 46.506 Executing safepoint VM operation: ParallelGCFailedAllocation (Allocation Failure) done
Event: 46.564 Executing safepoint VM operation: ParallelGCFailedAllocation (Allocation Failure)
Event: 46.567 Executing safepoint VM operation: ParallelGCFailedAllocation (Allocation Failure) done
Event: 46.683 Executing safepoint VM operation: ParallelGCFailedAllocation (Allocation Failure)
Event: 46.687 Executing safepoint VM operation: ParallelGCFailedAllocation (Allocation Failure) done
Event: 46.933 Executing safepoint VM operation: ParallelGCFailedAllocation (Allocation Failure)
Event: 46.936 Executing safepoint VM operation: ParallelGCFailedAllocation (Allocation Failure) done
Event: 47.013 Executing safepoint VM operation: ParallelGCFailedAllocation (Allocation Failure)
Event: 47.015 Executing safepoint VM operation: ParallelGCFailedAllocation (Allocation Failure) done
Event: 47.086 Executing safepoint VM operation: CollectForMetadataAllocation (Metadata GC Threshold)
Event: 47.149 Executing safepoint VM operation: CollectForMetadataAllocation (Metadata GC Threshold) done
Event: 48.150 Executing safepoint VM operation: Cleanup

Memory protections (0 events):
No events

Nmethod flushes (20 events):
Event: 47.111 Thread 0x00000280f2ea44c0 flushing  nmethod 0x00000280807cb810
Event: 47.111 Thread 0x00000280f2ea44c0 flushing osr nmethod 0x00000280807d6010
Event: 47.111 Thread 0x00000280f2ea44c0 flushing osr nmethod 0x00000280807d7d10
Event: 47.111 Thread 0x00000280f2ea44c0 flushing osr nmethod 0x000002808081d210
Event: 47.111 Thread 0x00000280f2ea44c0 flushing  nmethod 0x000002808082d010
Event: 47.111 Thread 0x00000280f2ea44c0 flushing  nmethod 0x000002808084b910
Event: 47.111 Thread 0x00000280f2ea44c0 flushing  nmethod 0x000002808085c090
Event: 47.111 Thread 0x00000280f2ea44c0 flushing  nmethod 0x000002808085f110
Event: 47.111 Thread 0x00000280f2ea44c0 flushing  nmethod 0x000002808087e590
Event: 47.111 Thread 0x00000280f2ea44c0 flushing  nmethod 0x000002808087fa10
Event: 47.111 Thread 0x00000280f2ea44c0 flushing  nmethod 0x0000028080883a10
Event: 47.111 Thread 0x00000280f2ea44c0 flushing  nmethod 0x0000028080884110
Event: 47.111 Thread 0x00000280f2ea44c0 flushing  nmethod 0x0000028080884590
Event: 47.111 Thread 0x00000280f2ea44c0 flushing  nmethod 0x0000028080884b10
Event: 47.111 Thread 0x00000280f2ea44c0 flushing  nmethod 0x0000028080887610
Event: 47.111 Thread 0x00000280f2ea44c0 flushing  nmethod 0x00000280808ab090
Event: 47.111 Thread 0x00000280f2ea44c0 flushing  nmethod 0x00000280808b9b10
Event: 47.111 Thread 0x00000280f2ea44c0 flushing  nmethod 0x00000280808c2410
Event: 47.111 Thread 0x00000280f2ea44c0 flushing  nmethod 0x0000028080928390
Event: 47.111 Thread 0x00000280f2ea44c0 flushing  nmethod 0x0000028080936890

Events (20 events):
Event: 38.138 Thread 0x00000280ff28f920 Thread added: 0x00000280ff293ac0
Event: 38.817 Thread 0x00000280fe25f620 Thread exited: 0x00000280fe25f620
Event: 38.994 Thread 0x00000280fe17dad0 Thread exited: 0x00000280fe17dad0
Event: 40.281 Thread 0x00000280fbfe0700 Thread added: 0x00000280ff2947e0
Event: 40.371 Thread 0x00000280fbc481e0 Thread added: 0x00000280fe25e880
Event: 40.371 Thread 0x00000280fbc481e0 Thread added: 0x00000280fe25ef50
Event: 43.127 Thread 0x00000280fe25ef50 Thread exited: 0x00000280fe25ef50
Event: 43.127 Thread 0x00000280fe25e880 Thread exited: 0x00000280fe25e880
Event: 43.290 Thread 0x00000280fbc481e0 Thread added: 0x00000280fe25e880
Event: 43.378 Thread 0x00000280fbfe48a0 Thread added: 0x00000280ff294150
Event: 43.898 Thread 0x00000280fe25e880 Thread exited: 0x00000280fe25e880
Event: 44.252 Thread 0x00000280ff294150 Thread exited: 0x00000280ff294150
Event: 45.703 Thread 0x00000280ff28dee0 Thread added: 0x00000280ff294150
Event: 45.711 Thread 0x00000280ff28dee0 Thread added: 0x00000280ff294e70
Event: 45.719 Thread 0x00000280ff28dee0 Thread added: 0x00000280d4bfefb0
Event: 45.721 Thread 0x00000280ff28dee0 Thread added: 0x00000280d4bfd570
Event: 45.722 Thread 0x00000280ff28dee0 Thread added: 0x00000280d4bffcd0
Event: 45.728 Thread 0x00000280fbc42fa0 Thread added: 0x00000280fe260a90
Event: 46.095 Thread 0x00000280fbc481e0 Thread added: 0x00000280fe261160
Event: 46.742 Thread 0x00000280ff28ffb0 Thread added: 0x00000280d4bfe920


Dynamic libraries:
0x00007ff6c7330000 - 0x00007ff6c733e000 	c:\Users\dell\.vscode\extensions\redhat.java-1.55.0-win32-x64\jre\21.0.11-win32-x86_64\bin\java.exe
0x00007ffc2e200000 - 0x00007ffc2e466000 	C:\WINDOWS\SYSTEM32\ntdll.dll
0x00007ffc2d4c0000 - 0x00007ffc2d589000 	C:\WINDOWS\System32\KERNEL32.DLL
0x00007ffc2ba60000 - 0x00007ffc2be5f000 	C:\WINDOWS\System32\KERNELBASE.dll
0x00007ffc2b840000 - 0x00007ffc2b98c000 	C:\WINDOWS\System32\ucrtbase.dll
0x00007ffbd1e30000 - 0x00007ffbd1e4e000 	c:\Users\dell\.vscode\extensions\redhat.java-1.55.0-win32-x64\jre\21.0.11-win32-x86_64\bin\VCRUNTIME140.dll
0x00007ffbd1d10000 - 0x00007ffbd1d28000 	c:\Users\dell\.vscode\extensions\redhat.java-1.55.0-win32-x64\jre\21.0.11-win32-x86_64\bin\jli.dll
0x00007ffc2d1b0000 - 0x00007ffc2d376000 	C:\WINDOWS\System32\USER32.dll
0x00007ffc2bf00000 - 0x00007ffc2bf27000 	C:\WINDOWS\System32\win32u.dll
0x00007ffc0ce90000 - 0x00007ffc0d121000 	C:\WINDOWS\WinSxS\amd64_microsoft.windows.common-controls_6595b64144ccf1df_6.0.26100.8972_none_3e0da176e32f9d4b\COMCTL32.dll
0x00007ffc2da20000 - 0x00007ffc2da4b000 	C:\WINDOWS\System32\GDI32.dll
0x00007ffc2b4c0000 - 0x00007ffc2b5e9000 	C:\WINDOWS\System32\gdi32full.dll
0x00007ffc2c290000 - 0x00007ffc2c339000 	C:\WINDOWS\System32\msvcrt.dll
0x00007ffc2b410000 - 0x00007ffc2b4b3000 	C:\WINDOWS\System32\msvcp_win.dll
0x00007ffc2d480000 - 0x00007ffc2d4b2000 	C:\WINDOWS\System32\IMM32.DLL
0x00007ffc27cf0000 - 0x00007ffc27cfc000 	c:\Users\dell\.vscode\extensions\redhat.java-1.55.0-win32-x64\jre\21.0.11-win32-x86_64\bin\vcruntime140_1.dll
0x00007ffbb1830000 - 0x00007ffbb18bd000 	c:\Users\dell\.vscode\extensions\redhat.java-1.55.0-win32-x64\jre\21.0.11-win32-x86_64\bin\msvcp140.dll
0x00007ffb37670000 - 0x00007ffb38412000 	c:\Users\dell\.vscode\extensions\redhat.java-1.55.0-win32-x64\jre\21.0.11-win32-x86_64\bin\server\jvm.dll
0x00007ffc2d3b0000 - 0x00007ffc2d46c000 	C:\WINDOWS\System32\ADVAPI32.dll
0x00007ffc2bf30000 - 0x00007ffc2bfda000 	C:\WINDOWS\System32\sechost.dll
0x00007ffc2c0f0000 - 0x00007ffc2c208000 	C:\WINDOWS\System32\RPCRT4.dll
0x00007ffc2cb90000 - 0x00007ffc2cc12000 	C:\WINDOWS\System32\WS2_32.dll
0x00007ffc2b270000 - 0x00007ffc2b2ce000 	C:\WINDOWS\SYSTEM32\POWRPROF.dll
0x00007ffc24140000 - 0x00007ffc24176000 	C:\WINDOWS\SYSTEM32\WINMM.dll
0x00007ffc17890000 - 0x00007ffc1789b000 	C:\WINDOWS\SYSTEM32\VERSION.dll
0x00007ffc2b250000 - 0x00007ffc2b265000 	C:\WINDOWS\SYSTEM32\UMPDC.dll
0x00007ffc2a060000 - 0x00007ffc2a07b000 	C:\WINDOWS\SYSTEM32\kernel.appcore.dll
0x00007ffc13520000 - 0x00007ffc1352a000 	c:\Users\dell\.vscode\extensions\redhat.java-1.55.0-win32-x64\jre\21.0.11-win32-x86_64\bin\jimage.dll
0x00007ffc288c0000 - 0x00007ffc28b02000 	C:\WINDOWS\SYSTEM32\DBGHELP.DLL
0x00007ffc2dd40000 - 0x00007ffc2e0c5000 	C:\WINDOWS\System32\combase.dll
0x00007ffc2cf00000 - 0x00007ffc2cfd9000 	C:\WINDOWS\System32\OLEAUT32.dll
0x00007ffc0ccc0000 - 0x00007ffc0ccfb000 	C:\WINDOWS\SYSTEM32\dbgcore.DLL
0x00007ffc2b780000 - 0x00007ffc2b82c000 	C:\WINDOWS\System32\bcryptPrimitives.dll
0x00007ffc12f60000 - 0x00007ffc12f6f000 	c:\Users\dell\.vscode\extensions\redhat.java-1.55.0-win32-x64\jre\21.0.11-win32-x86_64\bin\instrument.dll
0x00007ffbba570000 - 0x00007ffbba590000 	c:\Users\dell\.vscode\extensions\redhat.java-1.55.0-win32-x64\jre\21.0.11-win32-x86_64\bin\java.dll
0x00007ffc2c340000 - 0x00007ffc2cac8000 	C:\WINDOWS\System32\SHELL32.dll
0x00007ffc28e90000 - 0x00007ffc2972b000 	C:\WINDOWS\SYSTEM32\windows.storage.dll
0x00007ffc2daa0000 - 0x00007ffc2db99000 	C:\WINDOWS\System32\SHCORE.dll
0x00007ffc2c220000 - 0x00007ffc2c286000 	C:\WINDOWS\System32\shlwapi.dll
0x00007ffc2b330000 - 0x00007ffc2b359000 	C:\WINDOWS\SYSTEM32\profapi.dll
0x00007ffbbaae0000 - 0x00007ffbbaaf8000 	c:\Users\dell\.vscode\extensions\redhat.java-1.55.0-win32-x64\jre\21.0.11-win32-x86_64\bin\zip.dll
0x00007ffc12f20000 - 0x00007ffc12f30000 	C:\Users\dell\.vscode\extensions\redhat.java-1.55.0-win32-x64\jre\21.0.11-win32-x86_64\bin\net.dll
0x00007ffc22f10000 - 0x00007ffc23038000 	C:\WINDOWS\SYSTEM32\WINHTTP.dll
0x00007ffc2a6b0000 - 0x00007ffc2a71c000 	C:\WINDOWS\system32\mswsock.dll
0x00007ffbba240000 - 0x00007ffbba256000 	C:\Users\dell\.vscode\extensions\redhat.java-1.55.0-win32-x64\jre\21.0.11-win32-x86_64\bin\nio.dll
0x00007ffc12d90000 - 0x00007ffc12da0000 	c:\Users\dell\.vscode\extensions\redhat.java-1.55.0-win32-x64\jre\21.0.11-win32-x86_64\bin\verify.dll
0x00007ffbb9aa0000 - 0x00007ffbb9ae5000 	C:\Users\dell\AppData\Roaming\Code\User\globalStorage\redhat.java\1.55.0\config_win\org.eclipse.equinox.launcher\org.eclipse.equinox.launcher.win32.win32.x86_64_1.3.100.v20260613-0559\eclipse_11924.dll
0x00007ffc2dba0000 - 0x00007ffc2dd39000 	C:\WINDOWS\System32\ole32.dll
0x00007ffc2a9a0000 - 0x00007ffc2a9bb000 	C:\WINDOWS\SYSTEM32\CRYPTSP.dll
0x00007ffc2a080000 - 0x00007ffc2a0b9000 	C:\WINDOWS\system32\rsaenh.dll
0x00007ffc2a760000 - 0x00007ffc2a792000 	C:\WINDOWS\SYSTEM32\USERENV.dll
0x00007ffc2b300000 - 0x00007ffc2b32a000 	C:\WINDOWS\SYSTEM32\bcrypt.dll
0x00007ffc2a9c0000 - 0x00007ffc2a9cc000 	C:\WINDOWS\SYSTEM32\CRYPTBASE.dll
0x00007ffc29ae0000 - 0x00007ffc29b13000 	C:\WINDOWS\SYSTEM32\IPHLPAPI.DLL
0x00007ffc2e190000 - 0x00007ffc2e19a000 	C:\WINDOWS\System32\NSI.dll
0x00007ffbb3610000 - 0x00007ffbb3659000 	C:\Users\dell\AppData\Local\Temp\jna-3079617\jna17363729616812071909.dll
0x00007ffc2d380000 - 0x00007ffc2d388000 	C:\WINDOWS\System32\PSAPI.DLL
0x00007ffc240a0000 - 0x00007ffc240bd000 	C:\WINDOWS\SYSTEM32\dhcpcsvc6.DLL
0x00007ffc23fc0000 - 0x00007ffc23fe5000 	C:\WINDOWS\SYSTEM32\dhcpcsvc.DLL
0x00007ffc0ccb0000 - 0x00007ffc0ccbe000 	C:\Users\dell\.vscode\extensions\redhat.java-1.55.0-win32-x64\jre\21.0.11-win32-x86_64\bin\sunmscapi.dll
0x00007ffc2b5f0000 - 0x00007ffc2b76e000 	C:\WINDOWS\System32\CRYPT32.dll
0x00007ffc2abe0000 - 0x00007ffc2ac10000 	C:\WINDOWS\SYSTEM32\ncrypt.dll
0x00007ffc2ab90000 - 0x00007ffc2abcf000 	C:\WINDOWS\SYSTEM32\NTASN1.dll
0x00007ffc29b80000 - 0x00007ffc29cd8000 	C:\WINDOWS\SYSTEM32\DNSAPI.dll
0x00007ffc2a490000 - 0x00007ffc2a49d000 	C:\WINDOWS\SYSTEM32\DSPARSE.dll
0x00007ffc24240000 - 0x00007ffc2424b000 	C:\Windows\System32\rasadhlp.dll
0x00007ffc24180000 - 0x00007ffc24206000 	C:\WINDOWS\System32\fwpuclnt.dll
0x00007ffc06310000 - 0x00007ffc06319000 	C:\Users\dell\.vscode\extensions\redhat.java-1.55.0-win32-x64\jre\21.0.11-win32-x86_64\bin\extnet.dll

JVMTI agents:
c:\Users\dell\.vscode\extensions\redhat.java-1.55.0-win32-x64\lombok\lombok-1.18.39-4050.jar path:c:\Users\dell\.vscode\extensions\redhat.java-1.55.0-win32-x64\jre\21.0.11-win32-x86_64\bin\instrument.dll, loaded, initialized, instrumentlib options:none

dbghelp: loaded successfully - version: 4.0.5 - missing functions: none
symbol engine: initialized successfully - sym options: 0x614 - pdb path: .;c:\Users\dell\.vscode\extensions\redhat.java-1.55.0-win32-x64\jre\21.0.11-win32-x86_64\bin;C:\WINDOWS\SYSTEM32;C:\WINDOWS\WinSxS\amd64_microsoft.windows.common-controls_6595b64144ccf1df_6.0.26100.8972_none_3e0da176e32f9d4b;c:\Users\dell\.vscode\extensions\redhat.java-1.55.0-win32-x64\jre\21.0.11-win32-x86_64\bin\server;C:\Users\dell\AppData\Roaming\Code\User\globalStorage\redhat.java\1.55.0\config_win\org.eclipse.equinox.launcher\org.eclipse.equinox.launcher.win32.win32.x86_64_1.3.100.v20260613-0559;C:\Users\dell\AppData\Local\Temp\jna-3079617

VM Arguments:
jvm_args: --add-modules=ALL-SYSTEM --add-opens=java.base/java.util=ALL-UNNAMED --add-opens=java.base/java.lang=ALL-UNNAMED --add-opens=java.base/sun.nio.fs=ALL-UNNAMED -Declipse.application=org.eclipse.jdt.ls.core.id1 -Dosgi.bundles.defaultStartLevel=4 -Declipse.product=org.eclipse.jdt.ls.core.product -Djava.import.generatesMetadataFilesAtProjectRoot=false -DDetectVMInstallationsJob.disabled=true -Dfile.encoding=utf8 -XX:+UseParallelGC -XX:GCTimeRatio=4 -XX:AdaptiveSizePolicyWeight=90 -Dsun.zip.disableMemoryMapping=true -Xmx2G -Xms100m -Xlog:disable -javaagent:c:\Users\dell\.vscode\extensions\redhat.java-1.55.0-win32-x64\lombok\lombok-1.18.39-4050.jar -XX:+HeapDumpOnOutOfMemoryError -XX:HeapDumpPath=c:\Users\dell\AppData\Roaming\Code\User\workspaceStorage\825c9b729f276fa6f788dd2d7ea7dcd6\redhat.java -Daether.dependencyCollector.impl=bf 
java_command: c:\Users\dell\.vscode\extensions\redhat.java-1.55.0-win32-x64\server\plugins\org.eclipse.equinox.launcher_1.7.200.v20260619-2039.jar -configuration c:\Users\dell\AppData\Roaming\Code\User\globalStorage\redhat.java\1.55.0\config_win -data c:\Users\dell\AppData\Roaming\Code\User\workspaceStorage\825c9b729f276fa6f788dd2d7ea7dcd6\redhat.java\jdt_ws --pipe=\\.\pipe\lsp-d6bd91e2c30538565c3e7c2129843e56-sock
java_class_path (initial): c:\Users\dell\.vscode\extensions\redhat.java-1.55.0-win32-x64\server\plugins\org.eclipse.equinox.launcher_1.7.200.v20260619-2039.jar
Launcher Type: SUN_STANDARD

[Global flags]
    uintx AdaptiveSizePolicyWeight                 = 90                                        {product} {command line}
     intx CICompilerCount                          = 4                                         {product} {ergonomic}
    uintx GCTimeRatio                              = 4                                         {product} {command line}
     bool HeapDumpOnOutOfMemoryError               = true                                   {manageable} {command line}
    ccstr HeapDumpPath                             = c:\Users\dell\AppData\Roaming\Code\User\workspaceStorage\825c9b729f276fa6f788dd2d7ea7dcd6\redhat.java         {manageable} {command line}
   size_t InitialHeapSize                          = 104857600                                 {product} {command line}
   size_t MaxHeapSize                              = 2147483648                                {product} {command line}
   size_t MaxNewSize                               = 715653120                                 {product} {ergonomic}
   size_t MinHeapDeltaBytes                        = 524288                                    {product} {ergonomic}
   size_t MinHeapSize                              = 104857600                                 {product} {command line}
   size_t NewSize                                  = 34603008                                  {product} {ergonomic}
    uintx NonNMethodCodeHeapSize                   = 5839372                                {pd product} {ergonomic}
    uintx NonProfiledCodeHeapSize                  = 122909434                              {pd product} {ergonomic}
   size_t OldSize                                  = 70254592                                  {product} {ergonomic}
    uintx ProfiledCodeHeapSize                     = 122909434                              {pd product} {ergonomic}
    uintx ReservedCodeCacheSize                    = 251658240                              {pd product} {ergonomic}
     bool SegmentedCodeCache                       = true                                      {product} {ergonomic}
   size_t SoftMaxHeapSize                          = 2147483648                             {manageable} {ergonomic}
     bool UseCompressedOops                        = true                           {product lp64_product} {ergonomic}
     bool UseLargePagesIndividualAllocation        = false                                  {pd product} {ergonomic}
     bool UseParallelGC                            = true                                      {product} {command line}

Logging:
Log output configuration:
 #0: stdout all=off uptime,level,tags foldmultilines=false
 #1: stderr all=off uptime,level,tags foldmultilines=false

Release file:
JAVA_VERSION="21.0.11" 
MODULES="java.base java.compiler java.datatransfer java.xml java.prefs java.desktop java.instrument java.logging java.management java.security.sasl java.naming java.rmi java.management.rmi java.net.http java.scripting java.security.jgss java.transaction.xa java.sql java.sql.rowset java.xml.crypto java.se java.smartcardio jdk.accessibility jdk.internal.jvmstat jdk.attach jdk.charsets jdk.internal.opt jdk.zipfs jdk.compiler jdk.crypto.ec jdk.crypto.cryptoki jdk.crypto.mscapi jdk.dynalink jdk.internal.ed jdk.editpad jdk.hotspot.agent jdk.httpserver jdk.internal.le jdk.internal.vm.ci jdk.internal.vm.compiler jdk.internal.vm.compiler.management jdk.jartool jdk.javadoc jdk.jcmd jdk.management jdk.management.agent jdk.jconsole jdk.jdeps jdk.jdwp.agent jdk.jdi jdk.jfr jdk.jshell jdk.jsobject jdk.jstatd jdk.localedata jdk.management.jfr jdk.naming.dns jdk.naming.rmi jdk.net jdk.nio.mapmode jdk.random jdk.sctp jdk.security.auth jdk.security.jgss jdk.unsupported jdk.unsupported.desktop jdk.xml.dom" 

Environment Variables:
JAVA_HOME=C:\Program Files\Eclipse Adoptium\jdk-17.0.14.7-hotspot\
PATH=C:\Program Files\Eclipse Adoptium\jdk-17.0.14.7-hotspot\bin;C:\WINDOWS\system32;C:\WINDOWS;C:\WINDOWS\System32\Wbem;C:\WINDOWS\System32\WindowsPowerShell\v1.0\;C:\WINDOWS\System32\OpenSSH\;C:\Program Files\dotnet\;C:\Program Files\MySQL\MySQL Server 8.0\bin;C:\Program Files\Git\cmd;C:\Program Files\nodejs\;C:\Program Files\MongoDB\Server\8.2\bin;C:\Users\dell\AppData\Local\Programs\mongosh;C:\Users\dell\Downloads\ngrok-v3-stable-windows-amd64;C:\Program Files\Microsoft SQL Server\170\Tools\Binn\;C:\Program Files\Microsoft SQL Server\Client SDK\ODBC\170\Tools\Binn\;C:\Maven\apache-maven-3.9.16\bin;C:\Program Files (x86)\Microsoft SQL Server\170\Tools\Binn\;C:\Program Files\Microsoft SQL Server\Client SDK\ODBC\180\Tools\Binn\;C:\Program Files\Microsoft SQL Server\170\DTS\Binn\;C:\Program Files\MySQL\MySQL Shell 8.0\bin\;C:\Users\dell\AppData\Local\Programs\Python\Python311\Scripts\;C:\Users\dell\AppData\Local\Programs\Python\Python311\;C:\Users\dell\AppData\Local\Programs\Python\Launcher\;C:\Users\dell\AppData\Local\Microsoft\WindowsApps;C:\MinGW\bin;C:\Users\dell\AppData\Local\Programs\Microsoft VS Code\bin;C:\Users\dell\AppData\Roaming\Python\Python312\Scripts;C:\Program Files\JetBrains\IntelliJ IDEA Community Edition 2024.3.2.1\bin;;C:\Users\dell\AppData\Local\GitHubDesktop\bin;C:\Users\dell\AppData\Roaming\npm;C:\Users\dell\.dotnet\tools;C:\Users\dell\AppData\Local\Programs\mongosh\;C:\Users\dell\AppData\Local\Programs\Antigravity\bin;C:\Users\dell\AppData\Local\Programs\Kiro\bin;C:\Users\dell\AppData\Local\Programs\Antigravity IDE\bin;C:\Users\dell\AppData\Local\Programs\DockerDesktop\resources\bin
USERNAME=dell
OS=Windows_NT
PROCESSOR_IDENTIFIER=Intel64 Family 6 Model 186 Stepping 3, GenuineIntel
TMP=C:\Users\dell\AppData\Local\Temp
TEMP=C:\Users\dell\AppData\Local\Temp




Periodic native trim disabled

---------------  S Y S T E M  ---------------

OS:
 Windows 11 , 64 bit Build 26100 (10.0.26100.9168)
OS uptime: 1 days 15:50 hours
Hyper-V role detected

CPU: total 12 (initial active 12) (6 cores per cpu, 2 threads per core) family 6 model 186 stepping 3 microcode 0x6134, cx8, cmov, fxsr, ht, mmx, 3dnowpref, sse, sse2, sse3, ssse3, sse4.1, sse4.2, popcnt, lzcnt, tsc, tscinvbit, avx, avx2, aes, erms, clmul, bmi1, bmi2, adx, sha, fma, vzeroupper, clflush, clflushopt, clwb, hv, serialize, rdtscp, rdpid, fsrm, f16c, cet_ibt, cet_ss
Processor Information for the first 12 processors :
  Max Mhz: 1300, Current Mhz: 1300, Mhz Limit: 1300

Memory: 4k page, system-wide physical 16068M (1669M free)
TotalPageFile size 24068M (AvailPageFile size 11M)
current process WorkingSet (physical memory assigned to process): 263M, peak: 276M
current process commit charge ("private bytes"): 361M, peak: 374M

vm_info: OpenJDK 64-Bit Server VM (21.0.11+10-LTS) for windows-amd64 JRE (21.0.11+10-LTS), built on 2026-04-21T00:00:00Z by "admin" with MS VC++ 17.12 (VS2022)

END.
